2025-12-31 18:09:03,764 - 60918 - hummingbot.core.trading_core - ERROR - Failed to start strategy v2_with_controllers: 7 validation errors for V2WithControllersConfig
exchange
  Extra inputs are not permitted [type=extra_forbidden, input_value='binance_paper_trade', input_type=str]
    For further information visit https://errors.pydantic.dev/2.12/v/extra_forbidden
trading_pair
  Extra inputs are not permitted [type=extra_forbidden, input_value='ETH-USDT', input_type=str]
    For further information visit https://errors.pydantic.dev/2.12/v/extra_forbidden
order_amount
  Extra inputs are not permitted [type=extra_forbidden, input_value=0.01, input_type=float]
    For further information visit https://errors.pydantic.dev/2.12/v/extra_forbidden
bid_spread
  Extra inputs are not permitted [type=extra_forbidden, input_value=0.001, input_type=float]
    For further information visit https://errors.pydantic.dev/2.12/v/extra_forbidden
ask_spread
  Extra inputs are not permitted [type=extra_forbidden, input_value=0.001, input_type=float]
    For further information visit https://errors.pydantic.dev/2.12/v/extra_forbidden
order_refresh_time
  Extra inputs are not permitted [type=extra_forbidden, input_value=15, input_type=int]
    For further information visit https://errors.pydantic.dev/2.12/v/extra_forbidden
price_type
  Extra inputs are not permitted [type=extra_forbidden, input_value='mid', input_type=str]
    For further information visit https://errors.pydantic.dev/2.12/v/extra_forbidden
2025-12-31 18:09:07,304 - 60918 - hummingbot.connector.time_synchronizer - NETWORK - Error getting server time.
Traceback (most recent call last):
  File "/Users/yanyang/opt/anaconda3/envs/hummingbot/envs/hummingbot/lib/python3.13/site-packages/aiohttp/connector.py", line 1268, in _wrap_create_connection
    sock = await aiohappyeyeballs.start_connection(
           ^^^^^^^^^^^^^^^^^^^^^^^^^^^^^^^^^^^^^^^^
    ...<6 lines>...
    )
    ^
  File "/Users/yanyang/opt/anaconda3/envs/hummingbot/envs/hummingbot/lib/python3.13/site-packages/aiohappyeyeballs/impl.py", line 73, in start_connection
    sock = await _connect_sock(
           ^^^^^^^^^^^^^^^^^^^^
    ...<6 lines>...
    )
    ^
  File "/Users/yanyang/opt/anaconda3/envs/hummingbot/envs/hummingbot/lib/python3.13/site-packages/aiohappyeyeballs/impl.py", line 208, in _connect_sock
    await loop.sock_connect(sock, address)
  File "/Users/yanyang/opt/anaconda3/envs/hummingbot/envs/hummingbot/lib/python3.13/asyncio/selector_events.py", line 641, in sock_connect
    return await fut
           ^^^^^^^^^
asyncio.exceptions.CancelledError

The above exception was the direct cause of the following exception:

Traceback (most recent call last):
  File "/Users/yanyang/opt/anaconda3/envs/hummingbot/envs/hummingbot/lib/python3.13/site-packages/aiohttp/client.py", line 734, in _connect_and_send_request
    conn = await self._connector.connect(
           ^^^^^^^^^^^^^^^^^^^^^^^^^^^^^^
        req, traces=traces, timeout=real_timeout
        ^^^^^^^^^^^^^^^^^^^^^^^^^^^^^^^^^^^^^^^^
    )
    ^
  File "/Users/yanyang/opt/anaconda3/envs/hummingbot/envs/hummingbot/lib/python3.13/site-packages/aiohttp/connector.py", line 642, in connect
    proto = await self._create_connection(req, traces, timeout)
            ^^^^^^^^^^^^^^^^^^^^^^^^^^^^^^^^^^^^^^^^^^^^^^^^^^^
  File "/Users/yanyang/opt/anaconda3/envs/hummingbot/envs/hummingbot/lib/python3.13/site-packages/aiohttp/connector.py", line 1209, in _create_connection
    _, proto = await self._create_direct_connection(req, traces, timeout)
               ^^^^^^^^^^^^^^^^^^^^^^^^^^^^^^^^^^^^^^^^^^^^^^^^^^^^^^^^^^
  File "/Users/yanyang/opt/anaconda3/envs/hummingbot/envs/hummingbot/lib/python3.13/site-packages/aiohttp/connector.py", line 1581, in _create_direct_connection
    raise last_exc
  File "/Users/yanyang/opt/anaconda3/envs/hummingbot/envs/hummingbot/lib/python3.13/site-packages/aiohttp/connector.py", line 1550, in _create_direct_connection
    transp, proto = await self._wrap_create_connection(
                    ^^^^^^^^^^^^^^^^^^^^^^^^^^^^^^^^^^^
    ...<7 lines>...
    )
    ^
  File "/Users/yanyang/opt/anaconda3/envs/hummingbot/envs/hummingbot/lib/python3.13/site-packages/aiohttp/connector.py", line 1265, in _wrap_create_connection
    async with ceil_timeout(
               ~~~~~~~~~~~~^
        timeout.sock_connect, ceil_threshold=timeout.ceil_threshold
        ^^^^^^^^^^^^^^^^^^^^^^^^^^^^^^^^^^^^^^^^^^^^^^^^^^^^^^^^^^^
    ):
    ^
  File "/Users/yanyang/opt/anaconda3/envs/hummingbot/envs/hummingbot/lib/python3.13/asyncio/timeouts.py", line 116, in __aexit__
    raise TimeoutError from exc_val
TimeoutError

The above exception was the direct cause of the following exception:

Traceback (most recent call last):
  File "/Users/yanyang/hummingbot-2.11.0/hummingbot/connector/time_synchronizer.py", line 66, in update_server_time_offset_with_time_provider
    server_time_ms: float = await time_provider
                            ^^^^^^^^^^^^^^^^^^^
  File "/Users/yanyang/hummingbot-2.11.0/hummingbot/connector/exchange/binance/binance_web_utils.py", line 69, in get_current_server_time
    response = await rest_assistant.execute_request(
               ^^^^^^^^^^^^^^^^^^^^^^^^^^^^^^^^^^^^^
    ...<3 lines>...
    )
    ^
  File "/Users/yanyang/hummingbot-2.11.0/hummingbot/core/web_assistant/rest_assistant.py", line 48, in execute_request
    response = await self.execute_request_and_get_response(
               ^^^^^^^^^^^^^^^^^^^^^^^^^^^^^^^^^^^^^^^^^^^^
    ...<9 lines>...
    )
    ^
  File "/Users/yanyang/hummingbot-2.11.0/hummingbot/core/web_assistant/rest_assistant.py", line 95, in execute_request_and_get_response
    response = await self.call(request=request, timeout=timeout)
               ^^^^^^^^^^^^^^^^^^^^^^^^^^^^^^^^^^^^^^^^^^^^^^^^^
  File "/Users/yanyang/hummingbot-2.11.0/hummingbot/core/web_assistant/rest_assistant.py", line 109, in call
    resp = await wait_for(self._connection.call(request), timeout)
           ^^^^^^^^^^^^^^^^^^^^^^^^^^^^^^^^^^^^^^^^^^^^^^^^^^^^^^^
  File "/Users/yanyang/opt/anaconda3/envs/hummingbot/envs/hummingbot/lib/python3.13/asyncio/tasks.py", line 507, in wait_for
    return await fut
           ^^^^^^^^^
  File "/Users/yanyang/hummingbot-2.11.0/hummingbot/core/web_assistant/connections/rest_connection.py", line 10, in call
    aiohttp_resp = await self._client_session.request(
                   ^^^^^^^^^^^^^^^^^^^^^^^^^^^^^^^^^^^
    ...<5 lines>...
    )
    ^
  File "/Users/yanyang/opt/anaconda3/envs/hummingbot/envs/hummingbot/lib/python3.13/site-packages/aiohttp/client.py", line 779, in _request
    resp = await handler(req)
           ^^^^^^^^^^^^^^^^^^
  File "/Users/yanyang/opt/anaconda3/envs/hummingbot/envs/hummingbot/lib/python3.13/site-packages/aiohttp/client.py", line 738, in _connect_and_send_request
    raise ConnectionTimeoutError(
        f"Connection timeout to host {req.url}"
    ) from exc
aiohttp.client_exceptions.ConnectionTimeoutError: Connection timeout to host https://api.binance.com/api/v3/time
2025-12-31 18:09:07,317 - 60918 - hummingbot.connector.time_synchronizer - WARNING - Could not refresh server time. Check network connection.
2025-12-31 18:09:07,317 - 60918 - hummingbot.connector.exchange.kraken.kraken_exchange.KrakenExchange - ERROR - There was an error requesting exchange info.
Traceback (most recent call last):
  File "/Users/yanyang/opt/anaconda3/envs/hummingbot/envs/hummingbot/lib/python3.13/site-packages/aiohttp/connector.py", line 1268, in _wrap_create_connection
    sock = await aiohappyeyeballs.start_connection(
           ^^^^^^^^^^^^^^^^^^^^^^^^^^^^^^^^^^^^^^^^
    ...<6 lines>...
    )
    ^
  File "/Users/yanyang/opt/anaconda3/envs/hummingbot/envs/hummingbot/lib/python3.13/site-packages/aiohappyeyeballs/impl.py", line 73, in start_connection
    sock = await _connect_sock(
           ^^^^^^^^^^^^^^^^^^^^
    ...<6 lines>...
    )
    ^
  File "/Users/yanyang/opt/anaconda3/envs/hummingbot/envs/hummingbot/lib/python3.13/site-packages/aiohappyeyeballs/impl.py", line 208, in _connect_sock
    await loop.sock_connect(sock, address)
  File "/Users/yanyang/opt/anaconda3/envs/hummingbot/envs/hummingbot/lib/python3.13/asyncio/selector_events.py", line 641, in sock_connect
    return await fut
           ^^^^^^^^^
asyncio.exceptions.CancelledError

The above exception was the direct cause of the following exception:

Traceback (most recent call last):
  File "/Users/yanyang/opt/anaconda3/envs/hummingbot/envs/hummingbot/lib/python3.13/site-packages/aiohttp/client.py", line 734, in _connect_and_send_request
    conn = await self._connector.connect(
           ^^^^^^^^^^^^^^^^^^^^^^^^^^^^^^
        req, traces=traces, timeout=real_timeout
        ^^^^^^^^^^^^^^^^^^^^^^^^^^^^^^^^^^^^^^^^
    )
    ^
  File "/Users/yanyang/opt/anaconda3/envs/hummingbot/envs/hummingbot/lib/python3.13/site-packages/aiohttp/connector.py", line 642, in connect
    proto = await self._create_connection(req, traces, timeout)
            ^^^^^^^^^^^^^^^^^^^^^^^^^^^^^^^^^^^^^^^^^^^^^^^^^^^
  File "/Users/yanyang/opt/anaconda3/envs/hummingbot/envs/hummingbot/lib/python3.13/site-packages/aiohttp/connector.py", line 1209, in _create_connection
    _, proto = await self._create_direct_connection(req, traces, timeout)
               ^^^^^^^^^^^^^^^^^^^^^^^^^^^^^^^^^^^^^^^^^^^^^^^^^^^^^^^^^^
  File "/Users/yanyang/opt/anaconda3/envs/hummingbot/envs/hummingbot/lib/python3.13/site-packages/aiohttp/connector.py", line 1581, in _create_direct_connection
    raise last_exc
  File "/Users/yanyang/opt/anaconda3/envs/hummingbot/envs/hummingbot/lib/python3.13/site-packages/aiohttp/connector.py", line 1550, in _create_direct_connection
    transp, proto = await self._wrap_create_connection(
                    ^^^^^^^^^^^^^^^^^^^^^^^^^^^^^^^^^^^
    ...<7 lines>...
    )
    ^
  File "/Users/yanyang/opt/anaconda3/envs/hummingbot/envs/hummingbot/lib/python3.13/site-packages/aiohttp/connector.py", line 1265, in _wrap_create_connection
    async with ceil_timeout(
               ~~~~~~~~~~~~^
        timeout.sock_connect, ceil_threshold=timeout.ceil_threshold
        ^^^^^^^^^^^^^^^^^^^^^^^^^^^^^^^^^^^^^^^^^^^^^^^^^^^^^^^^^^^
    ):
    ^
  File "/Users/yanyang/opt/anaconda3/envs/hummingbot/envs/hummingbot/lib/python3.13/asyncio/timeouts.py", line 116, in __aexit__
    raise TimeoutError from exc_val
TimeoutError

The above exception was the direct cause of the following exception:

Traceback (most recent call last):
  File "/Users/yanyang/hummingbot-2.11.0/hummingbot/connector/exchange_py_base.py", line 1078, in _initialize_trading_pair_symbol_map
    exchange_info = await self._make_trading_pairs_request()
                    ^^^^^^^^^^^^^^^^^^^^^^^^^^^^^^^^^^^^^^^^
  File "/Users/yanyang/hummingbot-2.11.0/hummingbot/connector/exchange_py_base.py", line 1091, in _make_trading_pairs_request
    exchange_info = await self._api_get(path_url=self.trading_pairs_request_path)
                    ^^^^^^^^^^^^^^^^^^^^^^^^^^^^^^^^^^^^^^^^^^^^^^^^^^^^^^^^^^^^^
  File "/Users/yanyang/hummingbot-2.11.0/hummingbot/connector/exchange/kraken/kraken_exchange.py", line 188, in _api_get
    return await self._api_request_with_retry(*args, **kwargs)
           ^^^^^^^^^^^^^^^^^^^^^^^^^^^^^^^^^^^^^^^^^^^^^^^^^^^
  File "/Users/yanyang/hummingbot-2.11.0/hummingbot/connector/exchange/kraken/kraken_exchange.py", line 351, in _api_request_with_retry
    raise e
  File "/Users/yanyang/hummingbot-2.11.0/hummingbot/connector/exchange/kraken/kraken_exchange.py", line 325, in _api_request_with_retry
    response_json = await self._api_request(path_url=path_url, method=method, params=params, data=data,
                    ^^^^^^^^^^^^^^^^^^^^^^^^^^^^^^^^^^^^^^^^^^^^^^^^^^^^^^^^^^^^^^^^^^^^^^^^^^^^^^^^^^^
                                            is_auth_required=is_auth_required)
                                            ^^^^^^^^^^^^^^^^^^^^^^^^^^^^^^^^^^
  File "/Users/yanyang/hummingbot-2.11.0/hummingbot/connector/exchange_py_base.py", line 911, in _api_request
    request_result = await rest_assistant.execute_request(
                     ^^^^^^^^^^^^^^^^^^^^^^^^^^^^^^^^^^^^^
    ...<8 lines>...
    )
    ^
  File "/Users/yanyang/hummingbot-2.11.0/hummingbot/core/web_assistant/rest_assistant.py", line 48, in execute_request
    response = await self.execute_request_and_get_response(
               ^^^^^^^^^^^^^^^^^^^^^^^^^^^^^^^^^^^^^^^^^^^^
    ...<9 lines>...
    )
    ^
  File "/Users/yanyang/hummingbot-2.11.0/hummingbot/core/web_assistant/rest_assistant.py", line 95, in execute_request_and_get_response
    response = await self.call(request=request, timeout=timeout)
               ^^^^^^^^^^^^^^^^^^^^^^^^^^^^^^^^^^^^^^^^^^^^^^^^^
  File "/Users/yanyang/hummingbot-2.11.0/hummingbot/core/web_assistant/rest_assistant.py", line 109, in call
    resp = await wait_for(self._connection.call(request), timeout)
           ^^^^^^^^^^^^^^^^^^^^^^^^^^^^^^^^^^^^^^^^^^^^^^^^^^^^^^^
  File "/Users/yanyang/opt/anaconda3/envs/hummingbot/envs/hummingbot/lib/python3.13/asyncio/tasks.py", line 507, in wait_for
    return await fut
           ^^^^^^^^^
  File "/Users/yanyang/hummingbot-2.11.0/hummingbot/core/web_assistant/connections/rest_connection.py", line 10, in call
    aiohttp_resp = await self._client_session.request(
                   ^^^^^^^^^^^^^^^^^^^^^^^^^^^^^^^^^^^
    ...<5 lines>...
    )
    ^
  File "/Users/yanyang/opt/anaconda3/envs/hummingbot/envs/hummingbot/lib/python3.13/site-packages/aiohttp/client.py", line 779, in _request
    resp = await handler(req)
           ^^^^^^^^^^^^^^^^^^
  File "/Users/yanyang/opt/anaconda3/envs/hummingbot/envs/hummingbot/lib/python3.13/site-packages/aiohttp/client.py", line 738, in _connect_and_send_request
    raise ConnectionTimeoutError(
        f"Connection timeout to host {req.url}"
    ) from exc
aiohttp.client_exceptions.ConnectionTimeoutError: Connection timeout to host https://api.kraken.com/0/public/AssetPairs
2025-12-31 18:09:07,324 - 60918 - hummingbot.connector.time_synchronizer - NETWORK - Error getting server time.
Traceback (most recent call last):
  File "/Users/yanyang/opt/anaconda3/envs/hummingbot/envs/hummingbot/lib/python3.13/site-packages/aiohttp/connector.py", line 1268, in _wrap_create_connection
    sock = await aiohappyeyeballs.start_connection(
           ^^^^^^^^^^^^^^^^^^^^^^^^^^^^^^^^^^^^^^^^
    ...<6 lines>...
    )
    ^
  File "/Users/yanyang/opt/anaconda3/envs/hummingbot/envs/hummingbot/lib/python3.13/site-packages/aiohappyeyeballs/impl.py", line 73, in start_connection
    sock = await _connect_sock(
           ^^^^^^^^^^^^^^^^^^^^
    ...<6 lines>...
    )
    ^
  File "/Users/yanyang/opt/anaconda3/envs/hummingbot/envs/hummingbot/lib/python3.13/site-packages/aiohappyeyeballs/impl.py", line 208, in _connect_sock
    await loop.sock_connect(sock, address)
  File "/Users/yanyang/opt/anaconda3/envs/hummingbot/envs/hummingbot/lib/python3.13/asyncio/selector_events.py", line 641, in sock_connect
    return await fut
           ^^^^^^^^^
asyncio.exceptions.CancelledError

The above exception was the direct cause of the following exception:

Traceback (most recent call last):
  File "/Users/yanyang/opt/anaconda3/envs/hummingbot/envs/hummingbot/lib/python3.13/site-packages/aiohttp/client.py", line 734, in _connect_and_send_request
    conn = await self._connector.connect(
           ^^^^^^^^^^^^^^^^^^^^^^^^^^^^^^
        req, traces=traces, timeout=real_timeout
        ^^^^^^^^^^^^^^^^^^^^^^^^^^^^^^^^^^^^^^^^
    )
    ^
  File "/Users/yanyang/opt/anaconda3/envs/hummingbot/envs/hummingbot/lib/python3.13/site-packages/aiohttp/connector.py", line 642, in connect
    proto = await self._create_connection(req, traces, timeout)
            ^^^^^^^^^^^^^^^^^^^^^^^^^^^^^^^^^^^^^^^^^^^^^^^^^^^
  File "/Users/yanyang/opt/anaconda3/envs/hummingbot/envs/hummingbot/lib/python3.13/site-packages/aiohttp/connector.py", line 1209, in _create_connection
    _, proto = await self._create_direct_connection(req, traces, timeout)
               ^^^^^^^^^^^^^^^^^^^^^^^^^^^^^^^^^^^^^^^^^^^^^^^^^^^^^^^^^^
  File "/Users/yanyang/opt/anaconda3/envs/hummingbot/envs/hummingbot/lib/python3.13/site-packages/aiohttp/connector.py", line 1581, in _create_direct_connection
    raise last_exc
  File "/Users/yanyang/opt/anaconda3/envs/hummingbot/envs/hummingbot/lib/python3.13/site-packages/aiohttp/connector.py", line 1550, in _create_direct_connection
    transp, proto = await self._wrap_create_connection(
                    ^^^^^^^^^^^^^^^^^^^^^^^^^^^^^^^^^^^
    ...<7 lines>...
    )
    ^
  File "/Users/yanyang/opt/anaconda3/envs/hummingbot/envs/hummingbot/lib/python3.13/site-packages/aiohttp/connector.py", line 1265, in _wrap_create_connection
    async with ceil_timeout(
               ~~~~~~~~~~~~^
        timeout.sock_connect, ceil_threshold=timeout.ceil_threshold
        ^^^^^^^^^^^^^^^^^^^^^^^^^^^^^^^^^^^^^^^^^^^^^^^^^^^^^^^^^^^
    ):
    ^
  File "/Users/yanyang/opt/anaconda3/envs/hummingbot/envs/hummingbot/lib/python3.13/asyncio/timeouts.py", line 116, in __aexit__
    raise TimeoutError from exc_val
TimeoutError

The above exception was the direct cause of the following exception:

Traceback (most recent call last):
  File "/Users/yanyang/hummingbot-2.11.0/hummingbot/connector/time_synchronizer.py", line 66, in update_server_time_offset_with_time_provider
    server_time_ms: float = await time_provider
                            ^^^^^^^^^^^^^^^^^^^
  File "/Users/yanyang/hummingbot-2.11.0/hummingbot/connector/exchange/kucoin/kucoin_web_utils.py", line 74, in get_current_server_time
    response = await rest_assistant.execute_request(
               ^^^^^^^^^^^^^^^^^^^^^^^^^^^^^^^^^^^^^
    ...<3 lines>...
    )
    ^
  File "/Users/yanyang/hummingbot-2.11.0/hummingbot/core/web_assistant/rest_assistant.py", line 48, in execute_request
    response = await self.execute_request_and_get_response(
               ^^^^^^^^^^^^^^^^^^^^^^^^^^^^^^^^^^^^^^^^^^^^
    ...<9 lines>...
    )
    ^
  File "/Users/yanyang/hummingbot-2.11.0/hummingbot/core/web_assistant/rest_assistant.py", line 95, in execute_request_and_get_response
    response = await self.call(request=request, timeout=timeout)
               ^^^^^^^^^^^^^^^^^^^^^^^^^^^^^^^^^^^^^^^^^^^^^^^^^
  File "/Users/yanyang/hummingbot-2.11.0/hummingbot/core/web_assistant/rest_assistant.py", line 109, in call
    resp = await wait_for(self._connection.call(request), timeout)
           ^^^^^^^^^^^^^^^^^^^^^^^^^^^^^^^^^^^^^^^^^^^^^^^^^^^^^^^
  File "/Users/yanyang/opt/anaconda3/envs/hummingbot/envs/hummingbot/lib/python3.13/asyncio/tasks.py", line 507, in wait_for
    return await fut
           ^^^^^^^^^
  File "/Users/yanyang/hummingbot-2.11.0/hummingbot/core/web_assistant/connections/rest_connection.py", line 10, in call
    aiohttp_resp = await self._client_session.request(
                   ^^^^^^^^^^^^^^^^^^^^^^^^^^^^^^^^^^^
    ...<5 lines>...
    )
    ^
  File "/Users/yanyang/opt/anaconda3/envs/hummingbot/envs/hummingbot/lib/python3.13/site-packages/aiohttp/client.py", line 779, in _request
    resp = await handler(req)
           ^^^^^^^^^^^^^^^^^^
  File "/Users/yanyang/opt/anaconda3/envs/hummingbot/envs/hummingbot/lib/python3.13/site-packages/aiohttp/client.py", line 738, in _connect_and_send_request
    raise ConnectionTimeoutError(
        f"Connection timeout to host {req.url}"
    ) from exc
aiohttp.client_exceptions.ConnectionTimeoutError: Connection timeout to host https://api.kucoin.com/api/v1/timestamp
2025-12-31 18:09:07,328 - 60918 - hummingbot.connector.time_synchronizer - WARNING - Could not refresh server time. Check network connection.
2025-12-31 18:09:38,303 - 60918 - hummingbot.connector.exchange.binance.binance_exchange.BinanceExchange - ERROR - There was an error requesting exchange info.
Traceback (most recent call last):
  File "/Users/yanyang/opt/anaconda3/envs/hummingbot/envs/hummingbot/lib/python3.13/site-packages/aiohttp/connector.py", line 1268, in _wrap_create_connection
    sock = await aiohappyeyeballs.start_connection(
           ^^^^^^^^^^^^^^^^^^^^^^^^^^^^^^^^^^^^^^^^
    ...<6 lines>...
    )
    ^
  File "/Users/yanyang/opt/anaconda3/envs/hummingbot/envs/hummingbot/lib/python3.13/site-packages/aiohappyeyeballs/impl.py", line 73, in start_connection
    sock = await _connect_sock(
           ^^^^^^^^^^^^^^^^^^^^
    ...<6 lines>...
    )
    ^
  File "/Users/yanyang/opt/anaconda3/envs/hummingbot/envs/hummingbot/lib/python3.13/site-packages/aiohappyeyeballs/impl.py", line 208, in _connect_sock
    await loop.sock_connect(sock, address)
  File "/Users/yanyang/opt/anaconda3/envs/hummingbot/envs/hummingbot/lib/python3.13/asyncio/selector_events.py", line 641, in sock_connect
    return await fut
           ^^^^^^^^^
asyncio.exceptions.CancelledError

The above exception was the direct cause of the following exception:

Traceback (most recent call last):
  File "/Users/yanyang/opt/anaconda3/envs/hummingbot/envs/hummingbot/lib/python3.13/site-packages/aiohttp/client.py", line 734, in _connect_and_send_request
    conn = await self._connector.connect(
           ^^^^^^^^^^^^^^^^^^^^^^^^^^^^^^
        req, traces=traces, timeout=real_timeout
        ^^^^^^^^^^^^^^^^^^^^^^^^^^^^^^^^^^^^^^^^
    )
    ^
  File "/Users/yanyang/opt/anaconda3/envs/hummingbot/envs/hummingbot/lib/python3.13/site-packages/aiohttp/connector.py", line 642, in connect
    proto = await self._create_connection(req, traces, timeout)
            ^^^^^^^^^^^^^^^^^^^^^^^^^^^^^^^^^^^^^^^^^^^^^^^^^^^
  File "/Users/yanyang/opt/anaconda3/envs/hummingbot/envs/hummingbot/lib/python3.13/site-packages/aiohttp/connector.py", line 1209, in _create_connection
    _, proto = await self._create_direct_connection(req, traces, timeout)
               ^^^^^^^^^^^^^^^^^^^^^^^^^^^^^^^^^^^^^^^^^^^^^^^^^^^^^^^^^^
  File "/Users/yanyang/opt/anaconda3/envs/hummingbot/envs/hummingbot/lib/python3.13/site-packages/aiohttp/connector.py", line 1581, in _create_direct_connection
    raise last_exc
  File "/Users/yanyang/opt/anaconda3/envs/hummingbot/envs/hummingbot/lib/python3.13/site-packages/aiohttp/connector.py", line 1550, in _create_direct_connection
    transp, proto = await self._wrap_create_connection(
                    ^^^^^^^^^^^^^^^^^^^^^^^^^^^^^^^^^^^
    ...<7 lines>...
    )
    ^
  File "/Users/yanyang/opt/anaconda3/envs/hummingbot/envs/hummingbot/lib/python3.13/site-packages/aiohttp/connector.py", line 1265, in _wrap_create_connection
    async with ceil_timeout(
               ~~~~~~~~~~~~^
        timeout.sock_connect, ceil_threshold=timeout.ceil_threshold
        ^^^^^^^^^^^^^^^^^^^^^^^^^^^^^^^^^^^^^^^^^^^^^^^^^^^^^^^^^^^
    ):
    ^
  File "/Users/yanyang/opt/anaconda3/envs/hummingbot/envs/hummingbot/lib/python3.13/asyncio/timeouts.py", line 116, in __aexit__
    raise TimeoutError from exc_val
TimeoutError

The above exception was the direct cause of the following exception:

Traceback (most recent call last):
  File "/Users/yanyang/hummingbot-2.11.0/hummingbot/connector/exchange_py_base.py", line 1078, in _initialize_trading_pair_symbol_map
    exchange_info = await self._make_trading_pairs_request()
                    ^^^^^^^^^^^^^^^^^^^^^^^^^^^^^^^^^^^^^^^^
  File "/Users/yanyang/hummingbot-2.11.0/hummingbot/connector/exchange_py_base.py", line 1091, in _make_trading_pairs_request
    exchange_info = await self._api_get(path_url=self.trading_pairs_request_path)
                    ^^^^^^^^^^^^^^^^^^^^^^^^^^^^^^^^^^^^^^^^^^^^^^^^^^^^^^^^^^^^^
  File "/Users/yanyang/hummingbot-2.11.0/hummingbot/connector/exchange_py_base.py", line 868, in _api_get
    return await self._api_request(*args, **kwargs)
           ^^^^^^^^^^^^^^^^^^^^^^^^^^^^^^^^^^^^^^^^
  File "/Users/yanyang/hummingbot-2.11.0/hummingbot/connector/exchange_py_base.py", line 911, in _api_request
    request_result = await rest_assistant.execute_request(
                     ^^^^^^^^^^^^^^^^^^^^^^^^^^^^^^^^^^^^^
    ...<8 lines>...
    )
    ^
  File "/Users/yanyang/hummingbot-2.11.0/hummingbot/core/web_assistant/rest_assistant.py", line 48, in execute_request
    response = await self.execute_request_and_get_response(
               ^^^^^^^^^^^^^^^^^^^^^^^^^^^^^^^^^^^^^^^^^^^^
    ...<9 lines>...
    )
    ^
  File "/Users/yanyang/hummingbot-2.11.0/hummingbot/core/web_assistant/rest_assistant.py", line 95, in execute_request_and_get_response
    response = await self.call(request=request, timeout=timeout)
               ^^^^^^^^^^^^^^^^^^^^^^^^^^^^^^^^^^^^^^^^^^^^^^^^^
  File "/Users/yanyang/hummingbot-2.11.0/hummingbot/core/web_assistant/rest_assistant.py", line 109, in call
    resp = await wait_for(self._connection.call(request), timeout)
           ^^^^^^^^^^^^^^^^^^^^^^^^^^^^^^^^^^^^^^^^^^^^^^^^^^^^^^^
  File "/Users/yanyang/opt/anaconda3/envs/hummingbot/envs/hummingbot/lib/python3.13/asyncio/tasks.py", line 507, in wait_for
    return await fut
           ^^^^^^^^^
  File "/Users/yanyang/hummingbot-2.11.0/hummingbot/core/web_assistant/connections/rest_connection.py", line 10, in call
    aiohttp_resp = await self._client_session.request(
                   ^^^^^^^^^^^^^^^^^^^^^^^^^^^^^^^^^^^
    ...<5 lines>...
    )
    ^
  File "/Users/yanyang/opt/anaconda3/envs/hummingbot/envs/hummingbot/lib/python3.13/site-packages/aiohttp/client.py", line 779, in _request
    resp = await handler(req)
           ^^^^^^^^^^^^^^^^^^
  File "/Users/yanyang/opt/anaconda3/envs/hummingbot/envs/hummingbot/lib/python3.13/site-packages/aiohttp/client.py", line 738, in _connect_and_send_request
    raise ConnectionTimeoutError(
        f"Connection timeout to host {req.url}"
    ) from exc
aiohttp.client_exceptions.ConnectionTimeoutError: Connection timeout to host https://api.binance.com/api/v3/exchangeInfo
2025-12-31 18:09:38,310 - 60918 - hummingbot.connector.exchange.kucoin.kucoin_exchange.KucoinExchange - ERROR - There was an error requesting exchange info.
Traceback (most recent call last):
  File "/Users/yanyang/opt/anaconda3/envs/hummingbot/envs/hummingbot/lib/python3.13/site-packages/aiohttp/connector.py", line 1268, in _wrap_create_connection
    sock = await aiohappyeyeballs.start_connection(
           ^^^^^^^^^^^^^^^^^^^^^^^^^^^^^^^^^^^^^^^^
    ...<6 lines>...
    )
    ^
  File "/Users/yanyang/opt/anaconda3/envs/hummingbot/envs/hummingbot/lib/python3.13/site-packages/aiohappyeyeballs/impl.py", line 73, in start_connection
    sock = await _connect_sock(
           ^^^^^^^^^^^^^^^^^^^^
    ...<6 lines>...
    )
    ^
  File "/Users/yanyang/opt/anaconda3/envs/hummingbot/envs/hummingbot/lib/python3.13/site-packages/aiohappyeyeballs/impl.py", line 208, in _connect_sock
    await loop.sock_connect(sock, address)
  File "/Users/yanyang/opt/anaconda3/envs/hummingbot/envs/hummingbot/lib/python3.13/asyncio/selector_events.py", line 641, in sock_connect
    return await fut
           ^^^^^^^^^
asyncio.exceptions.CancelledError

The above exception was the direct cause of the following exception:

Traceback (most recent call last):
  File "/Users/yanyang/opt/anaconda3/envs/hummingbot/envs/hummingbot/lib/python3.13/site-packages/aiohttp/client.py", line 734, in _connect_and_send_request
    conn = await self._connector.connect(
           ^^^^^^^^^^^^^^^^^^^^^^^^^^^^^^
        req, traces=traces, timeout=real_timeout
        ^^^^^^^^^^^^^^^^^^^^^^^^^^^^^^^^^^^^^^^^
    )
    ^
  File "/Users/yanyang/opt/anaconda3/envs/hummingbot/envs/hummingbot/lib/python3.13/site-packages/aiohttp/connector.py", line 642, in connect
    proto = await self._create_connection(req, traces, timeout)
            ^^^^^^^^^^^^^^^^^^^^^^^^^^^^^^^^^^^^^^^^^^^^^^^^^^^
  File "/Users/yanyang/opt/anaconda3/envs/hummingbot/envs/hummingbot/lib/python3.13/site-packages/aiohttp/connector.py", line 1209, in _create_connection
    _, proto = await self._create_direct_connection(req, traces, timeout)
               ^^^^^^^^^^^^^^^^^^^^^^^^^^^^^^^^^^^^^^^^^^^^^^^^^^^^^^^^^^
  File "/Users/yanyang/opt/anaconda3/envs/hummingbot/envs/hummingbot/lib/python3.13/site-packages/aiohttp/connector.py", line 1581, in _create_direct_connection
    raise last_exc
  File "/Users/yanyang/opt/anaconda3/envs/hummingbot/envs/hummingbot/lib/python3.13/site-packages/aiohttp/connector.py", line 1550, in _create_direct_connection
    transp, proto = await self._wrap_create_connection(
                    ^^^^^^^^^^^^^^^^^^^^^^^^^^^^^^^^^^^
    ...<7 lines>...
    )
    ^
  File "/Users/yanyang/opt/anaconda3/envs/hummingbot/envs/hummingbot/lib/python3.13/site-packages/aiohttp/connector.py", line 1265, in _wrap_create_connection
    async with ceil_timeout(
               ~~~~~~~~~~~~^
        timeout.sock_connect, ceil_threshold=timeout.ceil_threshold
        ^^^^^^^^^^^^^^^^^^^^^^^^^^^^^^^^^^^^^^^^^^^^^^^^^^^^^^^^^^^
    ):
    ^
  File "/Users/yanyang/opt/anaconda3/envs/hummingbot/envs/hummingbot/lib/python3.13/asyncio/timeouts.py", line 116, in __aexit__
    raise TimeoutError from exc_val
TimeoutError

The above exception was the direct cause of the following exception:

Traceback (most recent call last):
  File "/Users/yanyang/hummingbot-2.11.0/hummingbot/connector/exchange_py_base.py", line 1078, in _initialize_trading_pair_symbol_map
    exchange_info = await self._make_trading_pairs_request()
                    ^^^^^^^^^^^^^^^^^^^^^^^^^^^^^^^^^^^^^^^^
  File "/Users/yanyang/hummingbot-2.11.0/hummingbot/connector/exchange_py_base.py", line 1091, in _make_trading_pairs_request
    exchange_info = await self._api_get(path_url=self.trading_pairs_request_path)
                    ^^^^^^^^^^^^^^^^^^^^^^^^^^^^^^^^^^^^^^^^^^^^^^^^^^^^^^^^^^^^^
  File "/Users/yanyang/hummingbot-2.11.0/hummingbot/connector/exchange_py_base.py", line 868, in _api_get
    return await self._api_request(*args, **kwargs)
           ^^^^^^^^^^^^^^^^^^^^^^^^^^^^^^^^^^^^^^^^
  File "/Users/yanyang/hummingbot-2.11.0/hummingbot/connector/exchange_py_base.py", line 911, in _api_request
    request_result = await rest_assistant.execute_request(
                     ^^^^^^^^^^^^^^^^^^^^^^^^^^^^^^^^^^^^^
    ...<8 lines>...
    )
    ^
  File "/Users/yanyang/hummingbot-2.11.0/hummingbot/core/web_assistant/rest_assistant.py", line 48, in execute_request
    response = await self.execute_request_and_get_response(
               ^^^^^^^^^^^^^^^^^^^^^^^^^^^^^^^^^^^^^^^^^^^^
    ...<9 lines>...
    )
    ^
  File "/Users/yanyang/hummingbot-2.11.0/hummingbot/core/web_assistant/rest_assistant.py", line 95, in execute_request_and_get_response
    response = await self.call(request=request, timeout=timeout)
               ^^^^^^^^^^^^^^^^^^^^^^^^^^^^^^^^^^^^^^^^^^^^^^^^^
  File "/Users/yanyang/hummingbot-2.11.0/hummingbot/core/web_assistant/rest_assistant.py", line 109, in call
    resp = await wait_for(self._connection.call(request), timeout)
           ^^^^^^^^^^^^^^^^^^^^^^^^^^^^^^^^^^^^^^^^^^^^^^^^^^^^^^^
  File "/Users/yanyang/opt/anaconda3/envs/hummingbot/envs/hummingbot/lib/python3.13/asyncio/tasks.py", line 507, in wait_for
    return await fut
           ^^^^^^^^^
  File "/Users/yanyang/hummingbot-2.11.0/hummingbot/core/web_assistant/connections/rest_connection.py", line 10, in call
    aiohttp_resp = await self._client_session.request(
                   ^^^^^^^^^^^^^^^^^^^^^^^^^^^^^^^^^^^
    ...<5 lines>...
    )
    ^
  File "/Users/yanyang/opt/anaconda3/envs/hummingbot/envs/hummingbot/lib/python3.13/site-packages/aiohttp/client.py", line 779, in _request
    resp = await handler(req)
           ^^^^^^^^^^^^^^^^^^
  File "/Users/yanyang/opt/anaconda3/envs/hummingbot/envs/hummingbot/lib/python3.13/site-packages/aiohttp/client.py", line 738, in _connect_and_send_request
    raise ConnectionTimeoutError(
        f"Connection timeout to host {req.url}"
    ) from exc
aiohttp.client_exceptions.ConnectionTimeoutError: Connection timeout to host https://api.kucoin.com/api/v2/symbols
