Traceback (most recent call last):
  File "<frozen runpy>", line 198, in _run_module_as_main
  File "<frozen runpy>", line 88, in _run_code
  File "/opt/anaconda3/envs/hummingbot/lib/python3.13/site-packages/pip/__main__.py", line 24, in <module>
    sys.exit(_main())
             ~~~~~^^
  File "/opt/anaconda3/envs/hummingbot/lib/python3.13/site-packages/pip/_internal/cli/main.py", line 83, in main
    command = create_command(cmd_name, isolated=("--isolated" in cmd_args))
  File "/opt/anaconda3/envs/hummingbot/lib/python3.13/site-packages/pip/_internal/commands/__init__.py", line 121, in create_command
    module = importlib.import_module(module_path)
  File "/opt/anaconda3/envs/hummingbot/lib/python3.13/importlib/__init__.py", line 88, in import_module
    return _bootstrap._gcd_import(name[level:], package, level)
           ~~~~~~~~~~~~~~~~~~~~~~^^^^^^^^^^^^^^^^^^^^^^^^^^^^^^
  File "<frozen importlib._bootstrap>", line 1387, in _gcd_import
  File "<frozen importlib._bootstrap>", line 1360, in _find_and_load
  File "<frozen importlib._bootstrap>", line 1331, in _find_and_load_unlocked
  File "<frozen importlib._bootstrap>", line 935, in _load_unlocked
  File "<frozen importlib._bootstrap_external>", line 1023, in exec_module
  File "<frozen importlib._bootstrap>", line 488, in _call_with_frames_removed
  File "/opt/anaconda3/envs/hummingbot/lib/python3.13/site-packages/pip/_internal/commands/install.py", line 22, in <module>
    import pip._internal.self_outdated_check  # noqa: F401
    ^^^^^^^^^^^^^^^^^^^^^^^^^^^^^^^^^^^^^^^^
  File "/opt/anaconda3/envs/hummingbot/lib/python3.13/site-packages/pip/_internal/self_outdated_check.py", line 21, in <module>
    from pip._internal.index.package_finder import PackageFinder
  File "/opt/anaconda3/envs/hummingbot/lib/python3.13/site-packages/pip/_internal/index/package_finder.py", line 42, in <module>
    from pip._internal.req import InstallRequirement
  File "/opt/anaconda3/envs/hummingbot/lib/python3.13/site-packages/pip/_internal/req/__init__.py", line 12, in <module>
    from .req_install import InstallRequirement
  File "/opt/anaconda3/envs/hummingbot/lib/python3.13/site-packages/pip/_internal/req/req_install.py", line 36, in <module>
    from pip._internal.operations.build.metadata_editable import generate_editable_metadata
  File "<frozen importlib._bootstrap>", line 1360, in _find_and_load
  File "<frozen importlib._bootstrap>", line 1331, in _find_and_load_unlocked
  File "<frozen importlib._bootstrap>", line 935, in _load_unlocked
  File "<frozen importlib._bootstrap_external>", line 1019, in exec_module
  File "<frozen importlib._bootstrap_external>", line 1152, in get_code
  File "<frozen importlib._bootstrap_external>", line 781, in _compile_bytecode
KeyboardInterrupt
